// 同步 ID: ac71fac1 @ Sun Jul 12 09:48:08 UTC 2026
// 同步 ID: 671e8cad @ Tue Jul 14 00:12:16 UTC 2026
// 重构日志: 01e69e49
// 重构日志: 89869162
// 同步 ID: 44f6f809 @ Wed Jul 15 14:36:08 UTC 2026
// 重构日志: ea052023
// 同步 ID: 67cbfbdf @ Thu Jul 16 10:11:12 UTC 2026
// 重构日志: 465c7f78
// 重构日志: 70d5bf15
// 重构日志: 476a5a94
// 同步 ID: 17a1707a @ Sun Jul 19 11:56:08 UTC 2026
// 重构日志: 58f8bb92
// 重构日志: 7a5e45ef
// 重构日志: 24a149d6
// 重构日志: d6f806c0
// 同步 ID: 6b31393b @ Wed Jul 22 10:17:01 UTC 2026
// 同步 ID: 2a479231 @ Wed Jul 22 16:53:28 UTC 2026
// 重构日志: 87edd2ba
// 同步 ID: b1aaf8d9 @ Thu Jul 23 03:54:22 UTC 2026
// 重构日志: ed40b728
// 重构日志: c4fb4bb0
// 重构日志: 88c37d45
// 重构日志: ce3e05eb
// 同步 ID: 22eaecfc @ Sun Jul 26 05:26:00 UTC 2026
// 重构日志: 349af8d3
// 重构日志: a4381d8f
// 同步 ID: 378fe7b0 @ Wed Jul 29 01:12:35 UTC 2026
// 重构日志: 63be1dff
// 重构日志: 4d6f8557
// 同步 ID: e90b6ece @ Thu Jul 30 06:48:47 UTC 2026
// 重构日志: 898a1d0e
